step=1/20000 loss=2.16529 std_ratio=0.3006 k=3
step=50/20000 loss=1.43980 std_ratio=0.3059 k=3
step=100/20000 loss=0.71819 std_ratio=0.3281 k=3
step=150/20000 loss=0.40040 std_ratio=0.2802 k=3
step=200/20000 loss=0.26703 std_ratio=0.2785 k=3
step=250/20000 loss=0.24586 std_ratio=0.3077 k=3
step=300/20000 loss=0.22327 std_ratio=0.3403 k=3
step=350/20000 loss=0.19380 std_ratio=0.3728 k=3
step=400/20000 loss=0.24783 std_ratio=0.3536 k=3
step=450/20000 loss=0.30853 std_ratio=0.3977 k=3
step=500/20000 loss=0.32217 std_ratio=0.3516 k=3
step=550/20000 loss=0.32177 std_ratio=0.3856 k=3
step=600/20000 loss=0.31753 std_ratio=0.4015 k=3
step=650/20000 loss=0.26770 std_ratio=0.4405 k=3
step=700/20000 loss=0.34537 std_ratio=0.4341 k=3
step=750/20000 loss=0.24067 std_ratio=0.4495 k=3
step=800/20000 loss=0.24862 std_ratio=0.4590 k=3
step=850/20000 loss=0.23204 std_ratio=0.4390 k=3
step=900/20000 loss=0.20373 std_ratio=0.4707 k=3
step=950/20000 loss=0.17737 std_ratio=0.4711 k=3
step=1000/20000 loss=0.17731 std_ratio=0.4808 k=3
step=1/20000 loss=2.13160 std_ratio=0.2976 k=0
step=50/20000 loss=1.47133 std_ratio=0.3338 k=0
step=100/20000 loss=0.75577 std_ratio=0.3785 k=0
step=150/20000 loss=0.34769 std_ratio=0.3288 k=0
step=200/20000 loss=0.20063 std_ratio=0.3386 k=0
step=250/20000 loss=0.15731 std_ratio=0.3704 k=0
step=300/20000 loss=0.12768 std_ratio=0.3840 k=0
step=1/20000 loss=2.16531 std_ratio=0.3005 k=0
step=50/20000 loss=1.43992 std_ratio=0.3057 k=0
step=100/20000 loss=0.71808 std_ratio=0.3281 k=0
step=150/20000 loss=0.40010 std_ratio=0.2801 k=0
step=200/20000 loss=0.26633 std_ratio=0.2791 k=0
step=250/20000 loss=0.24468 std_ratio=0.3088 k=0
step=300/20000 loss=0.21880 std_ratio=0.3421 k=0
step=350/20000 loss=0.18706 std_ratio=0.3768 k=0
step=400/20000 loss=0.23209 std_ratio=0.3522 k=0
step=450/20000 loss=0.26735 std_ratio=0.3992 k=0
step=500/20000 loss=0.25067 std_ratio=0.3661 k=0
step=550/20000 loss=0.20669 std_ratio=0.3715 k=0
step=600/20000 loss=0.14922 std_ratio=0.4209 k=0
step=650/20000 loss=0.09842 std_ratio=0.4344 k=0
step=700/20000 loss=0.11032 std_ratio=0.4460 k=0
step=750/20000 loss=0.07111 std_ratio=0.4608 k=0
step=800/20000 loss=0.05878 std_ratio=0.4819 k=0
step=850/20000 loss=0.05991 std_ratio=0.4415 k=0
step=900/20000 loss=0.04643 std_ratio=0.4898 k=0
step=950/20000 loss=0.04482 std_ratio=0.4994 k=0
step=1000/20000 loss=0.04209 std_ratio=0.5006 k=0
step=1050/20000 loss=0.03921 std_ratio=0.5150 k=0
step=1100/20000 loss=0.03075 std_ratio=0.4972 k=0
step=1150/20000 loss=0.02723 std_ratio=0.5308 k=0
step=1200/20000 loss=0.03059 std_ratio=0.4975 k=0
step=1250/20000 loss=0.03132 std_ratio=0.5158 k=0
step=1300/20000 loss=0.03137 std_ratio=0.5001 k=0
step=1350/20000 loss=0.02245 std_ratio=0.5350 k=0
step=1400/20000 loss=0.02762 std_ratio=0.5119 k=0
step=1450/20000 loss=0.02544 std_ratio=0.4978 k=0
step=1500/20000 loss=0.02690 std_ratio=0.5309 k=0
step=1550/20000 loss=0.02709 std_ratio=0.4938 k=0
step=1600/20000 loss=0.02110 std_ratio=0.5141 k=0
step=1650/20000 loss=0.02398 std_ratio=0.5162 k=0
step=1700/20000 loss=0.02438 std_ratio=0.5136 k=0
step=1750/20000 loss=0.02810 std_ratio=0.5132 k=0
step=1800/20000 loss=0.02201 std_ratio=0.5413 k=0
step=1850/20000 loss=0.02733 std_ratio=0.4888 k=0
step=1900/20000 loss=0.02112 std_ratio=0.5538 k=0
step=1950/20000 loss=0.02778 std_ratio=0.5349 k=0
step=2000/20000 loss=0.02360 std_ratio=0.5442 k=0
step=2050/20000 loss=0.02387 std_ratio=0.5459 k=0
step=2100/20000 loss=0.02539 std_ratio=0.5538 k=0
step=2150/20000 loss=0.02429 std_ratio=0.5518 k=0
step=2200/20000 loss=0.02533 std_ratio=0.5510 k=0
step=2250/20000 loss=0.02285 std_ratio=0.5722 k=0
step=2300/20000 loss=0.02409 std_ratio=0.5487 k=0
step=2350/20000 loss=0.02363 std_ratio=0.5601 k=0
step=2400/20000 loss=0.02331 std_ratio=0.5555 k=0
step=2450/20000 loss=0.02312 std_ratio=0.5584 k=0
step=2500/20000 loss=0.02446 std_ratio=0.5609 k=0
step=2550/20000 loss=0.02470 std_ratio=0.5521 k=0
step=2600/20000 loss=0.02294 std_ratio=0.5517 k=0
step=2650/20000 loss=0.02460 std_ratio=0.5683 k=0
step=2700/20000 loss=0.02360 std_ratio=0.6423 k=0
step=2750/20000 loss=0.02226 std_ratio=0.5755 k=0
step=2800/20000 loss=0.02448 std_ratio=0.6034 k=0
step=2850/20000 loss=0.02117 std_ratio=0.6300 k=0
step=2900/20000 loss=0.02057 std_ratio=0.6259 k=0
step=2950/20000 loss=0.02259 std_ratio=0.5876 k=0
step=3000/20000 loss=0.02193 std_ratio=0.6244 k=0
step=3050/20000 loss=0.02017 std_ratio=0.6435 k=0
step=3100/20000 loss=0.01716 std_ratio=0.6350 k=0
step=3150/20000 loss=0.01849 std_ratio=0.6264 k=0
step=3200/20000 loss=0.02019 std_ratio=0.6338 k=0
step=3250/20000 loss=0.01964 std_ratio=0.6160 k=0
step=3300/20000 loss=0.02117 std_ratio=0.6420 k=0
step=3350/20000 loss=0.01972 std_ratio=0.6413 k=0
step=3400/20000 loss=0.01836 std_ratio=0.6593 k=0
step=3450/20000 loss=0.01775 std_ratio=0.6669 k=0
step=3500/20000 loss=0.01748 std_ratio=0.6625 k=0
step=3550/20000 loss=0.01890 std_ratio=0.6318 k=0
step=3600/20000 loss=0.02018 std_ratio=0.6213 k=0
step=3650/20000 loss=0.01786 std_ratio=0.6458 k=0
step=3700/20000 loss=0.01819 std_ratio=0.6495 k=0
step=3750/20000 loss=0.01833 std_ratio=0.6528 k=0
step=3800/20000 loss=0.01551 std_ratio=0.6584 k=0
step=3850/20000 loss=0.01644 std_ratio=0.6589 k=0
step=3900/20000 loss=0.01707 std_ratio=0.6874 k=0
step=3950/20000 loss=0.01552 std_ratio=0.6736 k=0
step=4000/20000 loss=0.01563 std_ratio=0.6822 k=0
step=4050/20000 loss=0.01521 std_ratio=0.7011 k=0
step=4100/20000 loss=0.01674 std_ratio=0.6796 k=0
step=4150/20000 loss=0.01437 std_ratio=0.6839 k=0
step=4200/20000 loss=0.01483 std_ratio=0.6993 k=0
step=4250/20000 loss=0.01213 std_ratio=0.7249 k=0
step=4300/20000 loss=0.01636 std_ratio=0.6889 k=0
step=4350/20000 loss=0.01586 std_ratio=0.6935 k=0
step=4400/20000 loss=0.01602 std_ratio=0.6811 k=0
step=4450/20000 loss=0.01369 std_ratio=0.6826 k=0
step=4500/20000 loss=0.01550 std_ratio=0.6840 k=0
step=4550/20000 loss=0.01468 std_ratio=0.6916 k=0
step=4600/20000 loss=0.01469 std_ratio=0.6953 k=0
step=4650/20000 loss=0.01347 std_ratio=0.7340 k=0
step=4700/20000 loss=0.01489 std_ratio=0.6901 k=0
step=4750/20000 loss=0.01292 std_ratio=0.7059 k=0
step=4800/20000 loss=0.01429 std_ratio=0.7111 k=0
step=4850/20000 loss=0.01390 std_ratio=0.7009 k=0
step=4900/20000 loss=0.01435 std_ratio=0.7219 k=0
step=4950/20000 loss=0.01365 std_ratio=0.7185 k=0
step=5000/20000 loss=0.01407 std_ratio=0.7442 k=0
step=5050/20000 loss=0.01406 std_ratio=0.7165 k=0
step=5100/20000 loss=0.01360 std_ratio=0.7269 k=0
step=5150/20000 loss=0.01427 std_ratio=0.7304 k=0
step=5200/20000 loss=0.01508 std_ratio=0.7403 k=0
step=5250/20000 loss=0.01499 std_ratio=0.7573 k=0
step=5300/20000 loss=0.01475 std_ratio=0.7022 k=0
step=5350/20000 loss=0.01392 std_ratio=0.7080 k=0
step=5400/20000 loss=0.01378 std_ratio=0.7307 k=0
step=5450/20000 loss=0.01320 std_ratio=0.7302 k=0
step=5500/20000 loss=0.01361 std_ratio=0.7313 k=0
step=5550/20000 loss=0.01244 std_ratio=0.7444 k=0
step=5600/20000 loss=0.01373 std_ratio=0.7265 k=0
step=5650/20000 loss=0.01580 std_ratio=0.7484 k=0
step=5700/20000 loss=0.01268 std_ratio=0.7638 k=0
step=5750/20000 loss=0.01392 std_ratio=0.7593 k=0
step=5800/20000 loss=0.01437 std_ratio=0.7153 k=0
step=5850/20000 loss=0.01364 std_ratio=0.7422 k=0
step=5900/20000 loss=0.01380 std_ratio=0.7660 k=0
step=5950/20000 loss=0.01280 std_ratio=0.7143 k=0
step=6000/20000 loss=0.01299 std_ratio=0.7562 k=0
step=6050/20000 loss=0.01575 std_ratio=0.7501 k=0
step=6100/20000 loss=0.01411 std_ratio=0.7661 k=0
step=6150/20000 loss=0.01405 std_ratio=0.7498 k=0
step=6200/20000 loss=0.01428 std_ratio=0.7468 k=0
step=6250/20000 loss=0.01337 std_ratio=0.7424 k=0
step=6300/20000 loss=0.01577 std_ratio=0.7614 k=0
step=6350/20000 loss=0.01338 std_ratio=0.7657 k=0
step=6400/20000 loss=0.01412 std_ratio=0.7739 k=0
step=6450/20000 loss=0.01342 std_ratio=0.7710 k=0
step=6500/20000 loss=0.01405 std_ratio=0.7579 k=0
step=6550/20000 loss=0.01416 std_ratio=0.7487 k=0
step=6600/20000 loss=0.01401 std_ratio=0.7730 k=0
step=6650/20000 loss=0.01334 std_ratio=0.7552 k=0
step=6700/20000 loss=0.01394 std_ratio=0.7969 k=0
step=6750/20000 loss=0.01522 std_ratio=0.7773 k=0
step=6800/20000 loss=0.01451 std_ratio=0.7568 k=0
step=6850/20000 loss=0.01520 std_ratio=0.8000 k=0
step=6900/20000 loss=0.01361 std_ratio=0.7770 k=0
step=6950/20000 loss=0.01312 std_ratio=0.7898 k=0
step=7000/20000 loss=0.01373 std_ratio=0.7918 k=0
step=7050/20000 loss=0.01493 std_ratio=0.7640 k=0
step=7100/20000 loss=0.01392 std_ratio=0.8059 k=0
step=7150/20000 loss=0.01382 std_ratio=0.7788 k=0
step=7200/20000 loss=0.01546 std_ratio=0.7594 k=0
step=7250/20000 loss=0.01561 std_ratio=0.7920 k=0
step=7300/20000 loss=0.01251 std_ratio=0.8278 k=0
step=7350/20000 loss=0.01406 std_ratio=0.7938 k=0
step=7400/20000 loss=0.01437 std_ratio=0.8100 k=0
step=7450/20000 loss=0.01288 std_ratio=0.8133 k=0
step=7500/20000 loss=0.01643 std_ratio=0.7799 k=0
step=7550/20000 loss=0.01335 std_ratio=0.7982 k=0
step=7600/20000 loss=0.01458 std_ratio=0.8120 k=0
step=7650/20000 loss=0.01527 std_ratio=0.8228 k=0
step=7700/20000 loss=0.01639 std_ratio=0.7709 k=0
step=7750/20000 loss=0.01683 std_ratio=0.7676 k=0
step=7800/20000 loss=0.01522 std_ratio=0.8052 k=0
step=7850/20000 loss=0.01430 std_ratio=0.8119 k=0
step=7900/20000 loss=0.01498 std_ratio=0.8045 k=0
step=7950/20000 loss=0.01552 std_ratio=0.8229 k=0
step=8000/20000 loss=0.01432 std_ratio=0.7990 k=0
step=8050/20000 loss=0.01588 std_ratio=0.7851 k=0
step=8100/20000 loss=0.01590 std_ratio=0.7996 k=0
step=8150/20000 loss=0.01617 std_ratio=0.8044 k=0
step=8200/20000 loss=0.01606 std_ratio=0.8054 k=0
step=8250/20000 loss=0.01688 std_ratio=0.8057 k=0
step=8300/20000 loss=0.01467 std_ratio=0.8239 k=0
step=8350/20000 loss=0.01504 std_ratio=0.8323 k=0
step=8400/20000 loss=0.01484 std_ratio=0.8300 k=0
step=8450/20000 loss=0.01693 std_ratio=0.7973 k=0
step=8500/20000 loss=0.01720 std_ratio=0.8076 k=0
step=8550/20000 loss=0.01555 std_ratio=0.8080 k=0
step=8600/20000 loss=0.01702 std_ratio=0.7944 k=0
step=8650/20000 loss=0.01732 std_ratio=0.7871 k=0
step=8700/20000 loss=0.01699 std_ratio=0.8037 k=0
step=8750/20000 loss=0.01519 std_ratio=0.8226 k=0
step=8800/20000 loss=0.01507 std_ratio=0.8136 k=0
step=8850/20000 loss=0.01706 std_ratio=0.8146 k=0
step=8900/20000 loss=0.01634 std_ratio=0.8020 k=0
step=8950/20000 loss=0.01684 std_ratio=0.8105 k=0
step=9000/20000 loss=0.01617 std_ratio=0.8322 k=0
step=9050/20000 loss=0.01516 std_ratio=0.8395 k=0
step=9100/20000 loss=0.01532 std_ratio=0.8213 k=0
step=9150/20000 loss=0.01764 std_ratio=0.7974 k=0
step=9200/20000 loss=0.01490 std_ratio=0.8349 k=0
step=9250/20000 loss=0.01653 std_ratio=0.8136 k=0
step=9300/20000 loss=0.01542 std_ratio=0.8164 k=0
step=9350/20000 loss=0.01792 std_ratio=0.8087 k=0
step=9400/20000 loss=0.01585 std_ratio=0.8314 k=0
step=9450/20000 loss=0.01645 std_ratio=0.8159 k=0
step=9500/20000 loss=0.01641 std_ratio=0.8426 k=0
step=9550/20000 loss=0.01665 std_ratio=0.8218 k=0
step=9600/20000 loss=0.01664 std_ratio=0.8242 k=0
step=9650/20000 loss=0.01520 std_ratio=0.8563 k=0
step=9700/20000 loss=0.01505 std_ratio=0.8508 k=0
step=9750/20000 loss=0.01576 std_ratio=0.8479 k=0
step=9800/20000 loss=0.01517 std_ratio=0.8509 k=0
step=9850/20000 loss=0.01668 std_ratio=0.8286 k=0
step=9900/20000 loss=0.01590 std_ratio=0.8004 k=0
step=9950/20000 loss=0.01921 std_ratio=0.8069 k=0
step=10000/20000 loss=0.01611 std_ratio=0.8302 k=0
step=10050/20000 loss=0.01565 std_ratio=0.8279 k=0
step=10100/20000 loss=0.01689 std_ratio=0.8245 k=0
step=10150/20000 loss=0.01780 std_ratio=0.8373 k=0
step=10200/20000 loss=0.01609 std_ratio=0.8365 k=0
step=10250/20000 loss=0.01377 std_ratio=0.8418 k=0
step=10300/20000 loss=0.01694 std_ratio=0.8142 k=0
step=10350/20000 loss=0.01804 std_ratio=0.8222 k=0
step=10400/20000 loss=0.01899 std_ratio=0.8328 k=0
step=10450/20000 loss=0.01731 std_ratio=0.8368 k=0
step=10500/20000 loss=0.01627 std_ratio=0.8090 k=0
step=10550/20000 loss=0.01779 std_ratio=0.8004 k=0
step=10600/20000 loss=0.01974 std_ratio=0.8061 k=0
step=10650/20000 loss=0.01637 std_ratio=0.8333 k=0
step=10700/20000 loss=0.01554 std_ratio=0.8542 k=0
step=10750/20000 loss=0.01387 std_ratio=0.8535 k=0
step=10800/20000 loss=0.01714 std_ratio=0.8272 k=0
step=10850/20000 loss=0.01675 std_ratio=0.8369 k=0
step=10900/20000 loss=0.01658 std_ratio=0.8412 k=0
step=10950/20000 loss=0.01627 std_ratio=0.8384 k=0
step=11000/20000 loss=0.01716 std_ratio=0.8420 k=0
step=11050/20000 loss=0.01681 std_ratio=0.8357 k=0
step=11100/20000 loss=0.01838 std_ratio=0.8330 k=0
step=11150/20000 loss=0.01675 std_ratio=0.8514 k=0
step=11200/20000 loss=0.01673 std_ratio=0.8364 k=0
step=11250/20000 loss=0.01403 std_ratio=0.8618 k=0
step=11300/20000 loss=0.01643 std_ratio=0.8363 k=0
step=11350/20000 loss=0.01628 std_ratio=0.8286 k=0
step=11400/20000 loss=0.01653 std_ratio=0.8448 k=0
step=11450/20000 loss=0.01639 std_ratio=0.8461 k=0
step=11500/20000 loss=0.01761 std_ratio=0.8349 k=0
step=11550/20000 loss=0.01806 std_ratio=0.8488 k=0
step=11600/20000 loss=0.01511 std_ratio=0.8563 k=0
step=11650/20000 loss=0.01568 std_ratio=0.8484 k=0
step=11700/20000 loss=0.01798 std_ratio=0.8400 k=0
step=11750/20000 loss=0.01875 std_ratio=0.8386 k=0
step=11800/20000 loss=0.01590 std_ratio=0.8391 k=0
step=11850/20000 loss=0.01735 std_ratio=0.8334 k=0
step=11900/20000 loss=0.01626 std_ratio=0.8367 k=0
step=11950/20000 loss=0.01568 std_ratio=0.8407 k=0
step=12000/20000 loss=0.01722 std_ratio=0.8570 k=0
step=12050/20000 loss=0.01694 std_ratio=0.8392 k=0
step=12100/20000 loss=0.01613 std_ratio=0.8580 k=0
step=12150/20000 loss=0.01615 std_ratio=0.8571 k=0
step=12200/20000 loss=0.01374 std_ratio=0.8609 k=0
step=12250/20000 loss=0.01787 std_ratio=0.8402 k=0
step=12300/20000 loss=0.01541 std_ratio=0.8592 k=0
step=12350/20000 loss=0.01672 std_ratio=0.8504 k=0
step=12400/20000 loss=0.01552 std_ratio=0.8600 k=0
step=12450/20000 loss=0.01485 std_ratio=0.8654 k=0
step=12500/20000 loss=0.01423 std_ratio=0.8615 k=0
step=12550/20000 loss=0.01463 std_ratio=0.8453 k=0
step=12600/20000 loss=0.01443 std_ratio=0.8598 k=0
step=12650/20000 loss=0.01615 std_ratio=0.8545 k=0
step=12700/20000 loss=0.01876 std_ratio=0.8371 k=0
step=12750/20000 loss=0.01697 std_ratio=0.8462 k=0
step=12800/20000 loss=0.01630 std_ratio=0.8496 k=0
step=12850/20000 loss=0.01575 std_ratio=0.8554 k=0
step=12900/20000 loss=0.01679 std_ratio=0.8592 k=0
step=12950/20000 loss=0.01598 std_ratio=0.8559 k=0
step=13000/20000 loss=0.01618 std_ratio=0.8612 k=0
step=13050/20000 loss=0.01620 std_ratio=0.8498 k=0
step=13100/20000 loss=0.01646 std_ratio=0.8430 k=0
step=13150/20000 loss=0.01534 std_ratio=0.8576 k=0
step=13200/20000 loss=0.01668 std_ratio=0.8529 k=0
step=13250/20000 loss=0.01587 std_ratio=0.8677 k=0
step=13300/20000 loss=0.01888 std_ratio=0.8439 k=0
step=13350/20000 loss=0.01582 std_ratio=0.8580 k=0
step=13400/20000 loss=0.01460 std_ratio=0.8771 k=0
step=13450/20000 loss=0.01865 std_ratio=0.8680 k=0
step=13500/20000 loss=0.01551 std_ratio=0.8457 k=0
step=13550/20000 loss=0.01870 std_ratio=0.8261 k=0
step=13600/20000 loss=0.01519 std_ratio=0.8633 k=0
step=13650/20000 loss=0.01527 std_ratio=0.8619 k=0
step=13700/20000 loss=0.01643 std_ratio=0.8620 k=0
step=13750/20000 loss=0.01562 std_ratio=0.8506 k=0
step=13800/20000 loss=0.01544 std_ratio=0.8681 k=0
step=13850/20000 loss=0.01607 std_ratio=0.8624 k=0
step=13900/20000 loss=0.01702 std_ratio=0.8588 k=0
step=13950/20000 loss=0.01608 std_ratio=0.8544 k=0
step=14000/20000 loss=0.01552 std_ratio=0.8446 k=0
step=14050/20000 loss=0.01694 std_ratio=0.8404 k=0
step=14100/20000 loss=0.01459 std_ratio=0.8677 k=0
step=14150/20000 loss=0.01754 std_ratio=0.8675 k=0
step=14200/20000 loss=0.01490 std_ratio=0.8637 k=0
step=14250/20000 loss=0.01431 std_ratio=0.8751 k=0
step=14300/20000 loss=0.01483 std_ratio=0.8742 k=0
step=14350/20000 loss=0.01480 std_ratio=0.8692 k=0
step=14400/20000 loss=0.01583 std_ratio=0.8361 k=0
step=14450/20000 loss=0.01575 std_ratio=0.8730 k=0
step=14500/20000 loss=0.01537 std_ratio=0.8607 k=0
step=14550/20000 loss=0.01631 std_ratio=0.8639 k=0
step=14600/20000 loss=0.01569 std_ratio=0.8570 k=0
step=14650/20000 loss=0.01753 std_ratio=0.8595 k=0
step=14700/20000 loss=0.01709 std_ratio=0.8491 k=0
step=14750/20000 loss=0.01631 std_ratio=0.8608 k=0
step=14800/20000 loss=0.01522 std_ratio=0.8645 k=0
step=14850/20000 loss=0.01705 std_ratio=0.8442 k=0
step=14900/20000 loss=0.01665 std_ratio=0.8633 k=0
step=14950/20000 loss=0.01642 std_ratio=0.8480 k=0
step=15000/20000 loss=0.01548 std_ratio=0.8512 k=0
step=15050/20000 loss=0.01308 std_ratio=0.8772 k=0
step=15100/20000 loss=0.01527 std_ratio=0.8591 k=0
step=15150/20000 loss=0.01628 std_ratio=0.8596 k=0
step=15200/20000 loss=0.01444 std_ratio=0.8535 k=0
step=15250/20000 loss=0.01624 std_ratio=0.8532 k=0
step=15300/20000 loss=0.01347 std_ratio=0.8685 k=0
step=15350/20000 loss=0.01608 std_ratio=0.8451 k=0
step=15400/20000 loss=0.01556 std_ratio=0.8450 k=0
step=15450/20000 loss=0.01691 std_ratio=0.8600 k=0
step=15500/20000 loss=0.01624 std_ratio=0.8674 k=0
step=15550/20000 loss=0.01603 std_ratio=0.8334 k=0
step=15600/20000 loss=0.01396 std_ratio=0.8549 k=0
step=15650/20000 loss=0.01595 std_ratio=0.8521 k=0
step=15700/20000 loss=0.01603 std_ratio=0.8664 k=0
step=15750/20000 loss=0.01790 std_ratio=0.8398 k=0
step=15800/20000 loss=0.01430 std_ratio=0.8642 k=0
step=15850/20000 loss=0.01539 std_ratio=0.8592 k=0
step=15900/20000 loss=0.01689 std_ratio=0.8393 k=0
step=15950/20000 loss=0.01476 std_ratio=0.8711 k=0
step=16000/20000 loss=0.01572 std_ratio=0.8569 k=0
step=16050/20000 loss=0.01423 std_ratio=0.8634 k=0
step=16100/20000 loss=0.01463 std_ratio=0.8605 k=0
step=16150/20000 loss=0.01530 std_ratio=0.8623 k=0
step=16200/20000 loss=0.01625 std_ratio=0.8569 k=0
step=16250/20000 loss=0.01474 std_ratio=0.8490 k=0
step=16300/20000 loss=0.01325 std_ratio=0.8739 k=0
step=16350/20000 loss=0.01537 std_ratio=0.8524 k=0
step=16400/20000 loss=0.01812 std_ratio=0.8430 k=0
step=16450/20000 loss=0.01359 std_ratio=0.8599 k=0
step=16500/20000 loss=0.01394 std_ratio=0.8609 k=0
step=16550/20000 loss=0.01561 std_ratio=0.8526 k=0
step=16600/20000 loss=0.01364 std_ratio=0.8695 k=0
step=16650/20000 loss=0.01436 std_ratio=0.8748 k=0
step=16700/20000 loss=0.01368 std_ratio=0.8664 k=0
step=16750/20000 loss=0.01560 std_ratio=0.8658 k=0
step=16800/20000 loss=0.01395 std_ratio=0.8480 k=0
step=16850/20000 loss=0.01361 std_ratio=0.8628 k=0
step=16900/20000 loss=0.01372 std_ratio=0.8599 k=0
step=16950/20000 loss=0.01701 std_ratio=0.8447 k=0
step=17000/20000 loss=0.01671 std_ratio=0.8363 k=0
step=17050/20000 loss=0.01551 std_ratio=0.8601 k=0
step=17100/20000 loss=0.01340 std_ratio=0.8661 k=0
step=17150/20000 loss=0.01831 std_ratio=0.8491 k=0
step=17200/20000 loss=0.01552 std_ratio=0.8511 k=0
step=17250/20000 loss=0.01315 std_ratio=0.8693 k=0
step=17300/20000 loss=0.01502 std_ratio=0.8631 k=0
step=17350/20000 loss=0.01385 std_ratio=0.8694 k=0
step=17400/20000 loss=0.01545 std_ratio=0.8507 k=0
step=17450/20000 loss=0.01418 std_ratio=0.8652 k=0
step=17500/20000 loss=0.01502 std_ratio=0.8620 k=0
step=17550/20000 loss=0.01406 std_ratio=0.8602 k=0
step=17600/20000 loss=0.01502 std_ratio=0.8629 k=0
step=17650/20000 loss=0.01436 std_ratio=0.8525 k=0
step=17700/20000 loss=0.01476 std_ratio=0.8471 k=0
step=17750/20000 loss=0.01289 std_ratio=0.8703 k=0
step=17800/20000 loss=0.01459 std_ratio=0.8536 k=0
step=17850/20000 loss=0.01674 std_ratio=0.8562 k=0
step=17900/20000 loss=0.01626 std_ratio=0.8466 k=0
step=17950/20000 loss=0.01368 std_ratio=0.8653 k=0
step=18000/20000 loss=0.01576 std_ratio=0.8431 k=0
step=18050/20000 loss=0.01261 std_ratio=0.8571 k=0
step=18100/20000 loss=0.01482 std_ratio=0.8611 k=0
step=18150/20000 loss=0.01413 std_ratio=0.8809 k=0
step=18200/20000 loss=0.01455 std_ratio=0.8672 k=0
step=18250/20000 loss=0.01457 std_ratio=0.8620 k=0
step=18300/20000 loss=0.01637 std_ratio=0.8401 k=0
step=18350/20000 loss=0.01402 std_ratio=0.8587 k=0
step=18400/20000 loss=0.01498 std_ratio=0.8551 k=0
step=18450/20000 loss=0.01440 std_ratio=0.8680 k=0
step=18500/20000 loss=0.01541 std_ratio=0.8519 k=0
step=18550/20000 loss=0.01403 std_ratio=0.8679 k=0
step=18600/20000 loss=0.01404 std_ratio=0.8623 k=0
step=18650/20000 loss=0.01726 std_ratio=0.8481 k=0
step=18700/20000 loss=0.01380 std_ratio=0.8589 k=0
step=18750/20000 loss=0.01405 std_ratio=0.8722 k=0
step=18800/20000 loss=0.01408 std_ratio=0.8537 k=0
step=18850/20000 loss=0.01450 std_ratio=0.8585 k=0
step=18900/20000 loss=0.01479 std_ratio=0.8547 k=0
step=18950/20000 loss=0.01773 std_ratio=0.8482 k=0
step=19000/20000 loss=0.01592 std_ratio=0.8550 k=0
step=19050/20000 loss=0.01436 std_ratio=0.8639 k=0
step=19100/20000 loss=0.01341 std_ratio=0.8699 k=0
step=19150/20000 loss=0.01477 std_ratio=0.8574 k=0
step=19200/20000 loss=0.01419 std_ratio=0.8539 k=0
step=19250/20000 loss=0.01443 std_ratio=0.8611 k=0
step=19300/20000 loss=0.01491 std_ratio=0.8557 k=0
step=19350/20000 loss=0.01530 std_ratio=0.8526 k=0
step=19400/20000 loss=0.01603 std_ratio=0.8531 k=0
step=19450/20000 loss=0.01472 std_ratio=0.8442 k=0
step=19500/20000 loss=0.01632 std_ratio=0.8495 k=0
step=19550/20000 loss=0.01362 std_ratio=0.8624 k=0
step=19600/20000 loss=0.01652 std_ratio=0.8518 k=0
step=19650/20000 loss=0.01568 std_ratio=0.8369 k=0
step=19700/20000 loss=0.01494 std_ratio=0.8610 k=0
step=19750/20000 loss=0.01404 std_ratio=0.8650 k=0
step=19800/20000 loss=0.01389 std_ratio=0.8627 k=0
step=19850/20000 loss=0.01360 std_ratio=0.8590 k=0
step=19900/20000 loss=0.01418 std_ratio=0.8675 k=0
step=19950/20000 loss=0.01403 std_ratio=0.8667 k=0
step=20000/20000 loss=0.01647 std_ratio=0.8417 k=0
Traceback (most recent call last):
  File "/root/autodl-tmp/sepa-plan-b-a659af079672/sepa-plan-b/server/run_experiments.py", line 115, in <module>
    main()
  File "/root/autodl-tmp/sepa-plan-b-a659af079672/sepa-plan-b/server/run_experiments.py", line 101, in main
    evaluated = probe(trained["checkpoint"])
                ^^^^^^^^^^^^^^^^^^^^^^^^^^^^
  File "/root/autodl-tmp/sepa-plan-b-a659af079672/sepa-plan-b/src/sepa_plan_b/evaluation.py", line 160, in probe
    train_f, val_f = extract(model, train, config, target), extract(model, val, config, target)
                     ^^^^^^^^^^^^^^^^^^^^^^^^^^^^^^^^^^^^^
  File "/root/miniconda3/lib/python3.12/site-packages/torch/utils/_contextlib.py", line 120, in decorate_context
    return func(*args, **kwargs)
           ^^^^^^^^^^^^^^^^^^^^^
  File "/root/autodl-tmp/sepa-plan-b-a659af079672/sepa-plan-b/src/sepa_plan_b/evaluation.py", line 47, in extract
    for batch in loader:
  File "/root/miniconda3/lib/python3.12/site-packages/torch/utils/data/dataloader.py", line 734, in __next__
    data = self._next_data()
           ^^^^^^^^^^^^^^^^^
  File "/root/miniconda3/lib/python3.12/site-packages/torch/utils/data/dataloader.py", line 1492, in _next_data
    idx, data = self._get_data()
                ^^^^^^^^^^^^^^^^
  File "/root/miniconda3/lib/python3.12/site-packages/torch/utils/data/dataloader.py", line 1454, in _get_data
    success, data = self._try_get_data()
                    ^^^^^^^^^^^^^^^^^^^^
  File "/root/miniconda3/lib/python3.12/site-packages/torch/utils/data/dataloader.py", line 1316, in _try_get_data
    raise RuntimeError(
RuntimeError: Too many open files. Communication with the workers is no longer possible. Please increase the limit using `ulimit -n` in the shell or change the sharing strategy by calling `torch.multiprocessing.set_sharing_strategy('file_system')` at the beginning of your code
